C51 COMPILER V7.08   74HC595                                                               11/25/2013 13:22:29 PAGE 1   


C51 COMPILER V7.08, COMPILATION OF MODULE 74HC595
OBJECT MODULE PLACED IN 74hc595.OBJ
COMPILER INVOKED BY: C:\Keil2\C51\BIN\C51.EXE 74hc595.c BROWSE DEBUG OBJECTEXTEND

line level    source

   1          
   2          sbit ds=P3^0; //connection to serial ip pin of 74hc595
*** ERROR C202 IN LINE 2 OF 74HC595.C: 'P3': undefined identifier
   3          sbit sh_clk=P3^1;//connection to sh_clk ip
*** ERROR C202 IN LINE 3 OF 74HC595.C: 'P3': undefined identifier
   4          //sbit st_clk=P3^2;
   5          
   6          
   7          
   8          void write_74hc595(unsigned char dat)
   9          
  10          {
  11   1       unsigned char i;
  12   1      for(i=0;i<=7;i++)
  13   1      {
  14   2      
  15   2       sh_clk=0;
*** ERROR C202 IN LINE 15 OF 74HC595.C: 'sh_clk': undefined identifier
  16   2      ds=(dat&(0x080>>i))?1:0;
*** ERROR C202 IN LINE 16 OF 74HC595.C: 'ds': undefined identifier
  17   2      sh_clk=1;
*** ERROR C202 IN LINE 17 OF 74HC595.C: 'sh_clk': undefined identifier
  18   2      
  19   2      }
  20   1      //clk for moving from shift to storage register
  21   1      sh_clk=0;
*** ERROR C202 IN LINE 21 OF 74HC595.C: 'sh_clk': undefined identifier
  22   1      sh_clk=1;
*** ERROR C202 IN LINE 22 OF 74HC595.C: 'sh_clk': undefined identifier
  23   1      }

C51 COMPILATION COMPLETE.  0 WARNING(S),  7 ERROR(S)
