C51 COMPILER V7.08   UART_M0                                                               11/25/2013 13:15:35 PAGE 1   


C51 COMPILER V7.08, COMPILATION OF MODULE UART_M0
OBJECT MODULE PLACED IN uart_m0.OBJ
COMPILER INVOKED BY: C:\Keil2\C51\BIN\C51.EXE uart_m0.c BROWSE DEBUG OBJECTEXTEND

line level    source

   1          sbit clk=P3^1;
*** ERROR C202 IN LINE 1 OF UART_M0.C: 'P3': undefined identifier
   2          void init_uart()
   3          {
   4   1      
   5   1      //default but ensure
   6   1       scon=0x00;
*** ERROR C202 IN LINE 6 OF UART_M0.C: 'scon': undefined identifier
   7   1      }
   8          void uart_tx(char c)
   9          {
  10   1      
  11   1      sbuf=c;
*** ERROR C202 IN LINE 11 OF UART_M0.C: 'sbuf': undefined identifier
  12   1      while(!T1);//waiting for 8 clks
*** ERROR C202 IN LINE 12 OF UART_M0.C: 'T1': undefined identifier
  13   1      T1=0;
*** ERROR C202 IN LINE 13 OF UART_M0.C: 'T1': undefined identifier
  14   1      
  15   1      clk=0;//extra clock for shift to
*** ERROR C202 IN LINE 15 OF UART_M0.C: 'clk': undefined identifier
  16   1      clk=1;//storage register
*** ERROR C202 IN LINE 16 OF UART_M0.C: 'clk': undefined identifier
  17   1      
  18   1      }

C51 COMPILATION COMPLETE.  0 WARNING(S),  7 ERROR(S)
