C51 COMPILER V7.08   CLOCKMY                                                               11/30/2013 15:18:43 PAGE 1   


C51 COMPILER V7.08, COMPILATION OF MODULE CLOCKMY
OBJECT MODULE PLACED IN C:\ISP'S\SP_ISP\bin\dileep\clockmy.obj
COMPILER INVOKED BY: C:\Keil\C51\BIN\C51.EXE clockmy.c BROWSE DEBUG OBJECTEXTEND OBJECT(C:\ISP'S\SP_ISP\bin\dileep\clock
                    -my.obj)

line level    source

   1          #include<reg51.h>
   2          #include"delay.h"
   3          #include"lcd.h"
   4          sbit sw1=P3^0;
   5          sbit sw2=P3^1;
   6          sbit sw3=P3^2;
   7          sbit sw4=P3^3;
   8          unsigned char sec=33,min=49,hour=22,cnt=0;
   9          
  10          
  11          void time()
  12          {
  13   1      cmd_lcd(0x80);
  14   1      disp_lcd((hour/10)+48);
  15   1      disp_lcd((hour%10)+48);
  16   1      disp_lcd(':');
  17   1      
  18   1      disp_lcd((min/10)+48);
  19   1      disp_lcd((min%10)+48);
  20   1      disp_lcd(':');
  21   1      
  22   1      disp_lcd((sec/10)+48);
  23   1      disp_lcd((sec%10)+48);
  24   1      }
  25          
  26          main()
  27          {
  28   1      
  29   1      init_lcd();
  30   1      time();
  31   1      
  32   1      while(1)
  33   1      {
  34   2      time();
  35   2      delay_ms(982);
  36   2                                                                                      
  37   2      if(++sec>59)
  38   2      {
  39   3      sec=0;
  40   3      if(++min>59)
  41   3      {
  42   4              min=0;
  43   4              if(hour>23)
  44   4              {
  45   5              hour=0;
  46   5              }
  47   4      }
  48   3      }
  49   2      if(sw1==0)
  50   2      {
  51   3                              if(sw1==0)
  52   3                              {
  53   4                              while(!sw1);
  54   4                              cnt++;
C51 COMPILER V7.08   CLOCKMY                                                               11/30/2013 15:18:43 PAGE 2   

  55   4                              if(cnt>4)
  56   4                                      cnt=0;
  57   4                              }
  58   3         
  59   3      label:
  60   3         
  61   3           if(cnt==1)
  62   3             {
  63   4              
  64   4              while(sw2==0)
  65   4                  {
  66   5                    if(++hour>23)
  67   5                                      hour=0;
  68   5                               time();
  69   5                              delay_ms(500);
  70   5                 }
  71   4                      while(sw3==0)
  72   4                              {
  73   5                               if(--hour<1)
  74   5                                      hour=23;
  75   5                                      time();
  76   5                                      delay_ms(500);
  77   5                              }
  78   4              }
  79   3          if(cnt==2)
  80   3           {
  81   4              while(sw2==0)
  82   4                  {
  83   5                    if(++min>59)
  84   5                                      min=0;
  85   5                               time();
  86   5                              delay_ms(200);
  87   5                 }
  88   4                      while(sw3==0)
  89   4                              {
  90   5                               if(--min<1)
  91   5                                      min=59;
  92   5                                      time();
  93   5                                      delay_ms(200);
  94   5                              }  
  95   4           }
  96   3           if(cnt==3)
  97   3             {
  98   4                                       while(sw2==0)
  99   4                          {
 100   5                            if(++sec>59)
 101   5                                              sec=0;
 102   5                                       time();
 103   5                                      delay_ms(200);
 104   5                         }
 105   4                                 while(sw3==0)
 106   4                                      {
 107   5                                       if(--sec<1)
 108   5                                              sec=59;
 109   5                                              time();
 110   5                                              delay_ms(200);
 111   5                                      }
 112   4             }
 113   3           while(sw4==1)
 114   3               {
 115   4                    if((sw2==1)&&(sw3==1))
 116   4                      goto label;
C51 COMPILER V7.08   CLOCKMY                                                               11/30/2013 15:18:43 PAGE 3   

 117   4                   }
 118   3      
 119   3        }
 120   2      
 121   2      }
 122   1      }


MODULE INFORMATION:   STATIC OVERLAYABLE
   CODE SIZE        =    359    ----
   CONSTANT SIZE    =   ----    ----
   XDATA SIZE       =   ----    ----
   PDATA SIZE       =   ----    ----
   DATA SIZE        =      4    ----
   IDATA SIZE       =   ----    ----
   BIT SIZE         =   ----    ----
END OF MODULE INFORMATION.


C51 COMPILATION COMPLETE.  0 WARNING(S),  0 ERROR(S)
