C51 COMPILER V7.08   LCD                                                                   11/30/2013 15:18:42 PAGE 1   


C51 COMPILER V7.08, COMPILATION OF MODULE LCD
OBJECT MODULE PLACED IN C:\ISP'S\SP_ISP\bin\dileep\lcd.obj
COMPILER INVOKED BY: C:\Keil\C51\BIN\C51.EXE lcd.c BROWSE DEBUG OBJECTEXTEND OBJECT(C:\ISP'S\SP_ISP\bin\dileep\lcd.obj)

line level    source

   1          #include<reg51.h>
   2          #include"delay.h"
   3          #define lcd_dat P0
   4          sbit rs=P2^0;
   5          sbit rw=P2^1;
   6          sbit en=P2^2;
   7          
   8          void write_lcd(unsigned char dat)
   9          {
  10   1              lcd_dat=dat;
  11   1              rw=0;   //write operation
  12   1              en=1;   //latch data into buffer
  13   1              
  14   1              delay_ms(2);    //sync delay
  15   1      en=0;   //reset latch for next operation
  16   1      }
  17          
  18          void cmd_lcd(unsigned char cmd)
  19          {
  20   1              rs=0;   //select cmd reg
  21   1              write_lcd(cmd); //write info into cmd reg
  22   1      }
  23          
  24          void disp_lcd(unsigned char c)
  25          {
  26   1              rs=1;   //sel data reg
  27   1              write_lcd(c);   //write info into DDRAM via data reg
  28   1      }
  29          
  30          void init_lcd(void)
  31          {
  32   1              cmd_lcd(0x01);  //clr DDRAM/display/screen
  33   1              cmd_lcd(0x02);  //return cursor to home pos
  34   1              cmd_lcd(0x06);  //set cursor move direction to right
  35   1              cmd_lcd(0x0c);  //enable disply,cursor off
  36   1              cmd_lcd(0x38);  //set interface length 5x7 char font
  37   1              cmd_lcd(0x80);  //begin display to DDRAM at line 1 pos 0
  38   1      }
  39          
  40          void str_lcd(unsigned char *s)
  41          {
  42   1              while(*s)
  43   1                      disp_lcd(*s++);
  44   1      }
  45          
  46          void uint_lcd(unsigned int n)
  47          {
  48   1              char a[5]={0},i=0;
  49   1              if(n==0)
  50   1                      disp_lcd('0');
  51   1              else
  52   1              {
  53   2                      while(n>0)
  54   2                      {
  55   3                              a[i++]=(n%10)+48;
C51 COMPILER V7.08   LCD                                                                   11/30/2013 15:18:42 PAGE 2   

  56   3                              n=n/10;
  57   3                      }
  58   2              }
  59   1              for(--i;i>=0;i--)
  60   1                      disp_lcd(a[i]);
  61   1      }
  62          
  63          void float_lcd(float f)
  64          {
  65   1              unsigned int i;
  66   1              unsigned char j;
  67   1              i=f;
  68   1              uint_lcd(i);
  69   1              disp_lcd('.');
  70   1              for(j=0;j<6;j++)
  71   1              {
  72   2                      f=(f-i)*10;
  73   2                      i=f;
  74   2                      uint_lcd(i);
  75   2              }
  76   1      }
  77          
  78          void hex_lcd(unsigned int n)
  79          {
  80   1              char a[4],i=0,t;
  81   1              if(n==0)
  82   1                      disp_lcd('0');
  83   1              else
  84   1              {
  85   2                      while(n>0)
  86   2                      {
  87   3                              t=n%16;
  88   3                              n=n/16;
  89   3                              if(t<10)
  90   3                                      a[i++]=t+48;
  91   3                              else
  92   3                                      a[i++]=(t-10)+'A';                      
  93   3                      }
  94   2              for(--i;i>=0;i--)
  95   2                      disp_lcd(a[i]);
  96   2              }
  97   1      }
  98          
  99          void build_cgram(char *s,unsigned char n)
 100          {
 101   1      unsigned char i;
 102   1      //cmd_lcd(0x01);
 103   1      cmd_lcd(0x40);
 104   1      for(i=0;i<n;i++)
 105   1      {
 106   2      disp_lcd(s[i]);
 107   2      }
 108   1      cmd_lcd(0x80);
 109   1      }


MODULE INFORMATION:   STATIC OVERLAYABLE
   CODE SIZE        =    446    ----
   CONSTANT SIZE    =      5    ----
   XDATA SIZE       =   ----    ----
   PDATA SIZE       =   ----    ----
   DATA SIZE        =   ----      31
C51 COMPILER V7.08   LCD                                                                   11/30/2013 15:18:42 PAGE 3   

   IDATA SIZE       =   ----    ----
   BIT SIZE         =   ----    ----
END OF MODULE INFORMATION.


C51 COMPILATION COMPLETE.  0 WARNING(S),  0 ERROR(S)
