A51 MACRO ASSEMBLER  1SLED                                                                11/20/2013 15:44:37 PAGE     1


MACRO ASSEMBLER A51 V7.08a
OBJECT MODULE PLACED IN C:\ISP'S\SP_ISP\bin\Debug\1sled.obj
ASSEMBLER INVOKED BY: C:\Keil\C51\BIN\A51.EXE 1sled.asm SET(SMALL) DEBUG OBJECT(C:\ISP'S\SP_ISP\bin\Debug\1sled.obj) EP

LOC  OBJ            LINE     SOURCE

                       1     ;$INCLUDE(delay.asm)
                       2     ;LED BIT P2.0
                       3     
0000                   4     DELAY1MS:
0000 7EFF              5     MOV R6,#255
0002 DEFE              6     DJNZ R6,$
0004 7EF2              7     MOV R6,#242
0006 DEFE              8     DJNZ R6,$
0008 22                9     RET
                      10     
0009                  11     DELAY100MS:
0009 7F63             12     MOV R7,#99
000B                  13     L1:
000B 1100             14     ACALL DELAY1MS
000D DFFC             15     DJNZ R7,L1
000F 7FFF             16     MOV R7,#255
0011 DFFE             17     DJNZ R7,$
0013 7F8E             18     MOV R7,#142
0015 DFFE             19     DJNZ R7,$
0017 00               20     NOP
0018 22               21     RET
                      22     
                      23     
----                  24     CSEG AT 0
                      25     ;AGAIN:
                      26     ;CPL LED
0000 1109             27     ACALL DELAY100MS
                      28     ;SJMP AGAIN
                      29     END
                             
A51 MACRO ASSEMBLER  1SLED                                                                11/20/2013 15:44:37 PAGE     2

SYMBOL TABLE LISTING
------ ----- -------


N A M E             T Y P E  V A L U E   ATTRIBUTES

DELAY100MS . . . .  C ADDR   0009H   A   
DELAY1MS . . . . .  C ADDR   0000H   A   
L1 . . . . . . . .  C ADDR   000BH   A   


REGISTER BANK(S) USED: 0 


ASSEMBLY COMPLETE.  0 WARNING(S), 0 ERROR(S)
