A51 MACRO ASSEMBLER  4ACTLOW                                                              03/06/2002 22:37:28 PAGE     1


MACRO ASSEMBLER A51 V7.08a
OBJECT MODULE PLACED IN C:\ISP'S\ISP\SP_ISP\BIN\DEBUG\4ACTLOW.obj
ASSEMBLER INVOKED BY: C:\Keil2\C51\BIN\A51.EXE 4ACTLOW.ASM SET(SMALL) DEBUG OBJECT(C:\ISP'S\ISP\SP_ISP\BIN\DEBUG\4ACTLOW
                      .obj) EP

LOC  OBJ            LINE     SOURCE

                       1     ;$include (DELAY.ASM)
                +1     2     DELAY_ROUTINES SEGMENT CODE
----            +1     3     RSEG DELAY_ROUTINES
0000            +1     4     DELAY1MS:
0000 7EFF       +1     5     MOV R6,#255
0002 DEFE       +1     6     DJNZ R6,$
0004 7EF2       +1     7     MOV R6,#242
0006 DEFE       +1     8     DJNZ R6,$
0008 22         +1     9     RET
0009            +1    10     DELAY100MS:
0009 7F63       +1    11     MOV R7,#99
000B            +1    12     L1:
000B 1100     F +1    13     ACALL DELAY1MS
000D DFFC       +1    14     DJNZ R7,L1
000F 7FFF       +1    15     MOV R7,#255
0011 DFFE       +1    16     DJNZ R7,$
0013 7F8E       +1    17     MOV R7,#142
0015 DFFE       +1    18     DJNZ R7,$
0017 00         +1    19     NOP
0018 22         +1    20     RET
                      21     
  00A0                22     LEDS EQU P2
                      23     LED_LUT SEGMENT CODE
----                  24     RSEG LED_LUT
0000 0E               25     LUT:DB 0EH
0001 0D               26         DB 0DH
0002 0B               27         DB 0BH
0003 07               28         DB 07H
0004 1F               29         DB 1FH
0005 2F               30         DB 2FH
0006 4F               31         DB 4FH 
0007 8F               32         DB 8FH
                      33     
----                  34     CSEG AT 0
0000                  35     MAIN:
0000 75A00F           36     MOV LEDS,#0FH
0003 1100     F       37     ACALL DELAY100MS
0005 1100     F       38     ACALL DELAY100MS
0007 1100     F       39     ACALL DELAY100MS
0009 1100     F       40     ACALL DELAY100MS
000B 1100     F       41     ACALL DELAY100MS
000D 1100     F       42     ACALL DELAY100MS
000F 1100     F       43     ACALL DELAY100MS
0011 1100     F       44     ACALL DELAY100MS
0013 1100     F       45     ACALL DELAY100MS
0015 1100     F       46     ACALL DELAY100MS
0017 1100     F       47     ACALL DELAY100MS
0019 900000   F       48     MOV DPTR,#LUT
001C                  49     AGAIN:
001C E4               50     CLR A
001D 93               51     MOVC A,@A+DPTR
001E F5A0             52     MOV LEDS,A
0020 1100     F       53     ACALL DELAY100MS
0022 1100     F       54     ACALL DELAY100MS
0024 1100     F       55     ACALL DELAY100MS
0026 1100     F       56     ACALL DELAY100MS
0028 1100     F       57     ACALL DELAY100MS
A51 MACRO ASSEMBLER  4ACTLOW                                                              03/06/2002 22:37:28 PAGE     2

002A 1100     F       58     ACALL DELAY100MS
002C 1100     F       59     ACALL DELAY100MS
002E 1100     F       60     ACALL DELAY100MS
0030 1100     F       61     ACALL DELAY100MS
0032 A3               62     INC DPTR
0033 E582             63     MOV A,DPL
0035 B400E4   F       64     CJNE A,#LUT+8,AGAIN
0038 75A00F           65     MOV LEDS,#0FH
003B 1100     F       66     ACALL DELAY100MS
003D 1100     F       67     ACALL DELAY100MS
003F 1100     F       68     ACALL DELAY100MS
0041 74A5             69     MOV A,#0A5H
0043                  70     AGAIN1:
0043 F5A0             71     MOV LEDS,A
0045 1100     F       72     ACALL DELAY100MS
0047 F4               73     CPL A
0048 80F9             74     SJMP AGAIN1
                      75     END
A51 MACRO ASSEMBLER  4ACTLOW                                                              03/06/2002 22:37:28 PAGE     3

SYMBOL TABLE LISTING
------ ----- -------


N A M E             T Y P E  V A L U E   ATTRIBUTES

AGAIN. . . . . . .  C ADDR   001CH   A   
AGAIN1 . . . . . .  C ADDR   0043H   A   
DELAY100MS . . . .  C ADDR   0009H   R   SEG=DELAY_ROUTINES
DELAY1MS . . . . .  C ADDR   0000H   R   SEG=DELAY_ROUTINES
DELAY_ROUTINES . .  C SEG    0019H       REL=UNIT
DPL. . . . . . . .  D ADDR   0082H   A   
L1 . . . . . . . .  C ADDR   000BH   R   SEG=DELAY_ROUTINES
LEDS . . . . . . .  D ADDR   00A0H   A   
LED_LUT. . . . . .  C SEG    0008H       REL=UNIT
LUT. . . . . . . .  C ADDR   0000H   R   SEG=LED_LUT
MAIN . . . . . . .  C ADDR   0000H   A   
P2 . . . . . . . .  D ADDR   00A0H   A   


REGISTER BANK(S) USED: 0 


ASSEMBLY COMPLETE.  0 WARNING(S), 0 ERROR(S)
