C51 COMPILER V7.08   4MUX                                                                  11/17/2013 13:36:52 PAGE 1   


C51 COMPILER V7.08, COMPILATION OF MODULE 4MUX
OBJECT MODULE PLACED IN C:\ISPs\SP_ISP\4mux.obj
COMPILER INVOKED BY: C:\Keil2\C51\BIN\C51.EXE 4mux.c BROWSE DEBUG OBJECTEXTEND OBJECT(C:\ISPs\SP_ISP\4mux.obj)

line level    source

   1          #include<reg51.h>
   2          #include"delay.h"
   3          #include"seg.h"
   4          main()
   5          {
   6   1      while(1)
   7   1      {
   8   2      //disp_4_mux_segs(1234);
   9   2      dispf_4_mux_segs(78.55);
  10   2      
  11   2      }
  12   1      
  13   1      
  14   1      }


MODULE INFORMATION:   STATIC OVERLAYABLE
   CODE SIZE        =     13    ----
   CONSTANT SIZE    =   ----    ----
   XDATA SIZE       =   ----    ----
   PDATA SIZE       =   ----    ----
   DATA SIZE        =   ----    ----
   IDATA SIZE       =   ----    ----
   BIT SIZE         =   ----    ----
END OF MODULE INFORMATION.


C51 COMPILATION COMPLETE.  0 WARNING(S),  0 ERROR(S)
