C51 COMPILER V7.08   CGRAM_MAIN                                                            11/17/2013 11:07:40 PAGE 1   


C51 COMPILER V7.08, COMPILATION OF MODULE CGRAM_MAIN
OBJECT MODULE PLACED IN C:\ISP'S\SP_ISP\bin\Debug\cgram_main.obj
COMPILER INVOKED BY: C:\Keil2\C51\BIN\C51.EXE cgram_main.c BROWSE DEBUG OBJECTEXTEND OBJECT(C:\ISP'S\SP_ISP\bin\Debug\cg
                    -ram_main.obj)

line level    source

   1          #include<reg51.h>
   2          #include"lcd.h"
   3          code unsigned char cgram_lut[]={0x1d,0x05,0x05,0x1f,0x14,0x14,0x07,0x00};
   4          main()
   5          {
   6   1       init_lcd();
   7   1       build_cgram(cgram_lut,8);
   8   1       disp_lcd(0);
   9   1       cmd_lcd(0xc0);
  10   1       disp_lcd('0');
  11   1       while(1);
  12   1      
  13   1      }


MODULE INFORMATION:   STATIC OVERLAYABLE
   CODE SIZE        =     33    ----
   CONSTANT SIZE    =      8    ----
   XDATA SIZE       =   ----    ----
   PDATA SIZE       =   ----    ----
   DATA SIZE        =   ----    ----
   IDATA SIZE       =   ----    ----
   BIT SIZE         =   ----    ----
END OF MODULE INFORMATION.


C51 COMPILATION COMPLETE.  0 WARNING(S),  0 ERROR(S)
