C51 COMPILER V7.08   CLOCK                                                                 11/16/2013 15:29:14 PAGE 1   


C51 COMPILER V7.08, COMPILATION OF MODULE CLOCK
OBJECT MODULE PLACED IN C:\ISP'S\SP_ISP\bin\Debug\clock.obj
COMPILER INVOKED BY: C:\Keil2\C51\BIN\C51.EXE clock.c BROWSE DEBUG OBJECTEXTEND OBJECT(C:\ISP'S\SP_ISP\bin\Debug\clock.o
                    -bj)

line level    source

   1          #include<reg51.h>
   2          #include"lcd.h"
   3          #include"delay.h"
   4          unsigned char hrs=11,mins=54,secs=23;
   5          void time()
   6          {
   7   1       cmd_lcd(0x01);
   8   1       disp_lcd((hrs/10)+48);
   9   1       disp_lcd((hrs%10)+48);
  10   1       disp_lcd(':');
  11   1      
  12   1       disp_lcd((mins/10)+48);
  13   1       disp_lcd((mins%10)+48); 
  14   1       disp_lcd(':');
  15   1      
  16   1       disp_lcd((secs/10)+48);
  17   1       disp_lcd((secs%10)+48);
  18   1       disp_lcd(':');
  19   1      }
  20          main()
  21          {
  22   1      init_lcd();
  23   1      while(1)
  24   1      {
  25   2       time();
  26   2      delay_1ms(982);
  27   2      secs++;
  28   2      
  29   2      if(secs>59)
  30   2      {
  31   3      secs=0;
  32   3      mins++;
  33   3      
  34   3      if(mins>59)
  35   3      {
  36   4      mins=0;
  37   4      hrs++;
  38   4      
  39   4      if(hrs>23)
  40   4      {
  41   5      hrs=0;
  42   5      }
  43   4      }
  44   3      }
  45   2      }
  46   1      }


MODULE INFORMATION:   STATIC OVERLAYABLE
   CODE SIZE        =    149    ----
   CONSTANT SIZE    =   ----    ----
   XDATA SIZE       =   ----    ----
   PDATA SIZE       =   ----    ----
   DATA SIZE        =      3    ----
C51 COMPILER V7.08   CLOCK                                                                 11/16/2013 15:29:14 PAGE 2   

   IDATA SIZE       =   ----    ----
   BIT SIZE         =   ----    ----
END OF MODULE INFORMATION.


C51 COMPILATION COMPLETE.  0 WARNING(S),  0 ERROR(S)
