A51 MACRO ASSEMBLER  DELAY100                                                             10/02/2013 08:36:44 PAGE     1


MACRO ASSEMBLER A51 V7.08a
OBJECT MODULE PLACED IN C:\ISP's\SP_ISP\bin\Debug\delay100.obj
ASSEMBLER INVOKED BY: C:\Keil\C51\BIN\A51.EXE delay100.asm SET(SMALL) DEBUG OBJECT(C:\ISP's\SP_ISP\bin\Debug\delay100.ob
                      j) EP

LOC  OBJ            LINE     SOURCE

                       1     ;$include (DELAY.ASM)
                +1     2     DELAY_ROUTINES SEGMENT CODE
----            +1     3     RSEG DELAY_ROUTINES
0000            +1     4     DELAY1MS:
0000 7EFF       +1     5     MOV R6,#255
0002 DEFE       +1     6     DJNZ R6,$
0004 7EF2       +1     7     MOV R6,#242
0006 DEFE       +1     8     DJNZ R6,$
0008 22         +1     9     RET
0009            +1    10     DELAY100MS:
0009 7F63       +1    11     MOV R7,#99
000B            +1    12     L1:
000B 1100     F +1    13     ACALL DELAY1MS
000D DFFC       +1    14     DJNZ R7,L1
000F 7FFF       +1    15     MOV R7,#255
0011 DFFE       +1    16     DJNZ R7,$
0013 7F8E       +1    17     MOV R7,#142
0015 DFFE       +1    18     DJNZ R7,$
0017 00         +1    19     NOP
0018 22         +1    20     RET
                      21     
----                  22     CSEG AT 0
  00A0                23     LED BIT P2.0
0000                  24     MAIN:
0000 C2A0             25     CLR LED
0002 1100     F       26     ACALL DELAY100MS
0004 D2A0             27     SETB LED
0006 1100     F       28     ACALL DELAY100MS
0008 80F6             29     SJMP MAIN
                      30     
                      31     END
A51 MACRO ASSEMBLER  DELAY100                                                             10/02/2013 08:36:44 PAGE     2

SYMBOL TABLE LISTING
------ ----- -------


N A M E             T Y P E  V A L U E   ATTRIBUTES

DELAY100MS . . . .  C ADDR   0009H   R   SEG=DELAY_ROUTINES
DELAY1MS . . . . .  C ADDR   0000H   R   SEG=DELAY_ROUTINES
DELAY_ROUTINES . .  C SEG    0019H       REL=UNIT
L1 . . . . . . . .  C ADDR   000BH   R   SEG=DELAY_ROUTINES
LED. . . . . . . .  B ADDR   00A0H.0 A   
MAIN . . . . . . .  C ADDR   0000H   A   
P2 . . . . . . . .  D ADDR   00A0H   A   


REGISTER BANK(S) USED: 0 


ASSEMBLY COMPLETE.  0 WARNING(S), 0 ERROR(S)
