A51 MACRO ASSEMBLER  DELAY                                                                11/20/2013 15:23:13 PAGE     1


MACRO ASSEMBLER A51 V7.08a
OBJECT MODULE PLACED IN C:\ISP'S\SP_ISP\bin\Debug\DELAY.obj
ASSEMBLER INVOKED BY: C:\Keil\C51\BIN\A51.EXE DELAY.ASM SET(SMALL) DEBUG OBJECT(C:\ISP'S\SP_ISP\bin\Debug\DELAY.obj) EP

LOC  OBJ            LINE     SOURCE

                       1     DELAY_ROUTINES SEGMENT CODE
----                   2     RSEG DELAY_ROUTINES
                       3     
0000                   4     DELAY1MS:
0000 7EFF              5     MOV R6,#255
0002 DEFE              6     DJNZ R6,$
0004 7EF2              7     MOV R6,#242
0006 DEFE              8     DJNZ R6,$
0008 22                9     RET
                      10     
0009                  11     DELAY100MS:
0009 7F63             12     MOV R7,#99
000B                  13     L1:
000B 1100     F       14     ACALL DELAY1MS
000D DFFC             15     DJNZ R7,L1
000F 7FFF             16     MOV R7,#255
0011 DFFE             17     DJNZ R7,$
0013 7F8E             18     MOV R7,#142
0015 DFFE             19     DJNZ R7,$
0017 00               20     NOP
0018 22               21     RET
                      22     END
A51 MACRO ASSEMBLER  DELAY                                                                11/20/2013 15:23:13 PAGE     2

SYMBOL TABLE LISTING
------ ----- -------


N A M E             T Y P E  V A L U E   ATTRIBUTES

DELAY100MS . . . .  C ADDR   0009H   R   SEG=DELAY_ROUTINES
DELAY1MS . . . . .  C ADDR   0000H   R   SEG=DELAY_ROUTINES
DELAY_ROUTINES . .  C SEG    0019H       REL=UNIT
L1 . . . . . . . .  C ADDR   000BH   R   SEG=DELAY_ROUTINES


REGISTER BANK(S) USED: 0 


ASSEMBLY COMPLETE.  0 WARNING(S), 0 ERROR(S)
