A51 MACRO ASSEMBLER  DELAY1S                                                              11/17/2013 15:26:45 PAGE     1


MACRO ASSEMBLER A51 V7.08a
OBJECT MODULE PLACED IN DELAY1S.OBJ
ASSEMBLER INVOKED BY: C:\Keil2\C51\BIN\A51.EXE DELAY1S.ASM SET(SMALL) DEBUG EP

LOC  OBJ            LINE     SOURCE

                       1     DELAY_ROUTINES SEGMENT CODE
----                   2     RSEG DELAY_ROUTINES
0000                   3     DELAY1MS:
0000 7EFF              4     MOV R6,#255
0002 DEFE              5     DJNZ R6,$
0004 7EF2              6     MOV R6,#242
0006 DEFE              7     DJNZ R6,$
0008 22                8     RET
0009                   9     DELAY100MS:
0009 7F63             10     MOV R7,#99
000B                  11     L1:
000B 1100     F       12     ACALL DELAY1MS
000D DFFC             13     DJNZ R7,L1
000F 7FFF             14     MOV R7,#255
0011 DFFE             15     DJNZ R7,$
0013 7F8E             16     MOV R7,#142
0015 DFFE             17     DJNZ R7,$
0017 00               18     NOP
0018 22               19     RET
0019                  20     DELAY1S:
0019 7D09             21     MOV R5,#9
001B                  22     L2:
001B 1100     F       23     ACALL DELAY100MS
001D DDFC             24     DJNZ R5,L2
001F 7D63             25     MOV R5,#99
0021                  26     L3:
0021 1100     F       27     ACALL DELAY1MS
0023 DDFC             28     DJNZ R5,L3
0025 7DFF             29     MOV R5,#255
0027 DDFE             30     DJNZ R5,$
0029 7D85             31     MOV R5,#133
002B DDFE             32     DJNZ R5,$                                                                                 
002D 22               33     RET
                      34     END
A51 MACRO ASSEMBLER  DELAY1S                                                              11/17/2013 15:26:45 PAGE     2

SYMBOL TABLE LISTING
------ ----- -------


N A M E             T Y P E  V A L U E   ATTRIBUTES

DELAY100MS . . . .  C ADDR   0009H   R   SEG=DELAY_ROUTINES
DELAY1MS . . . . .  C ADDR   0000H   R   SEG=DELAY_ROUTINES
DELAY1S. . . . . .  C ADDR   0019H   R   SEG=DELAY_ROUTINES
DELAY_ROUTINES . .  C SEG    002EH       REL=UNIT
L1 . . . . . . . .  C ADDR   000BH   R   SEG=DELAY_ROUTINES
L2 . . . . . . . .  C ADDR   001BH   R   SEG=DELAY_ROUTINES
L3 . . . . . . . .  C ADDR   0021H   R   SEG=DELAY_ROUTINES


REGISTER BANK(S) USED: 0 


ASSEMBLY COMPLETE.  0 WARNING(S), 0 ERROR(S)
