C51 COMPILER V7.08   MAIN_LCD                                                              11/14/2013 16:01:56 PAGE 1   


C51 COMPILER V7.08, COMPILATION OF MODULE MAIN_LCD
OBJECT MODULE PLACED IN main_lcd.OBJ
COMPILER INVOKED BY: C:\Keil2\C51\BIN\C51.EXE main_lcd.c BROWSE DEBUG OBJECTEXTEND

line level    source

   1          #include"lcd.h"
   2          main()
   3          {
   4   1      
   5   1      init_lcd();
   6   1      disp_lcd('a');
   7   1      //str_lcd("chintan");
   8   1      //uint_lcd(1234);
   9   1      //hex_lcd(0x02);
  10   1      //float_lcd(1.21);
  11   1      while(1)
  12   1      {
  13   2      }
  14   1      
  15   1      
  16   1      
  17   1      }


MODULE INFORMATION:   STATIC OVERLAYABLE
   CODE SIZE        =     10    ----
   CONSTANT SIZE    =   ----    ----
   XDATA SIZE       =   ----    ----
   PDATA SIZE       =   ----    ----
   DATA SIZE        =   ----    ----
   IDATA SIZE       =   ----    ----
   BIT SIZE         =   ----    ----
END OF MODULE INFORMATION.


C51 COMPILATION COMPLETE.  0 WARNING(S),  0 ERROR(S)
