A51 MACRO ASSEMBLER  MUXASS2                                                              11/17/2013 15:26:45 PAGE     1


MACRO ASSEMBLER A51 V7.08a
NO OBJECT MODULE REQUESTED
ASSEMBLER INVOKED BY: C:\Keil2\C51\BIN\A51.EXE muxass2.asm SET(SMALL) DEBUG EP

LOC  OBJ            LINE     SOURCE

                       1     ;$include (DELAYS.ASM)
                       2     
*** ERROR #A318 IN 3 (muxass2.asm, LINE 1): can't open file 'DELAYS.ASM'
                       3     ;$include (SEG1.ASM)
                +1     4     
                +1     5     
                +1     6     
                +1     7     
                +1     8     
                +1     9     
                +1    10     
                +1    11     
                +1    12     
                +1    13     
                +1    14     
                +1    15     
                +1    16     
  0080          +1    17     SEG_2_MUX EQU P0
  00A0          +1    18     SEL1 BIT P2^0
  00A1          +1    19     SEL2 BIT P2^1
                +1    20     
                +1    21     LUT_SEG SEGMENT CODE
----            +1    22     RSEG LUT_SEG
                +1    23     
0000 40792430   +1    24     SEG_LUT : DB 40H,79H,24H,30H,19H,12H,02H,78H,00H,10H
0004 19120278                
0008 0010                    
                +1    25     
                +1    26     
                +1    27     
000A            +1    28     DISP_2_MUX_SEG:
000A EC         +1    29     MOV A,R4
000B 75F00A     +1    30     MOV B,#10
000E 84         +1    31     DIV AB
000F 93         +1    32     MOVC A,@A+DPTR
0010 4480       +1    33     ORL A,#80H
0012 F580       +1    34     MOV SEG_2_MUX,A
0014 C2A0       +1    35     CLR SEL1
0016            +1    36     ACALL DELAY1MS
*** _______________________________^
*** ERROR #A45 IN 36 (SEG1.ASM, LINE 33): UNDEFINED SYMBOL (PASS-2)
0018 D2A0       +1    37     SETB SEL1
                +1    38     
001A E5F0       +1    39     MOV A,B
001C 93         +1    40     MOVC A,@A+DPTR
001D 4480       +1    41     ORL A,#80H
001F F580       +1    42     MOV SEG_2_MUX,A
0021 C2A1       +1    43     CLR SEL2
0023            +1    44     ACALL DELAY1MS
*** _______________________________^
*** ERROR #A45 IN 44 (SEG1.ASM, LINE 41): UNDEFINED SYMBOL (PASS-2)
0025 D2A1       +1    45     SETB SEL2
                +1    46     
0027 22         +1    47     RET
                +1    48     end
                             
                             SW1 BIT P3^0
*** WARNING #A73 IN 50 (muxass2.asm, LINE 3): TEXT FOUND BEYOND END STATEMENT - IGNORED
A51 MACRO ASSEMBLER  MUXASS2                                                              11/17/2013 15:26:45 PAGE     2

                             SW2 BIT P3^1
                             CSEG AT 0
                             MAIN:
                                     MOV DPTR,#SEG_LUT
                                     MOV R4,#00
                             AGAIN:
                                     ACALL DISP_2_MUX_SEG
                                     JNB SW2,AGAIN2
                                     JB SW1,AGAIN
                                     INC R4
                                     ACALL DELAY1MS
                                     ACALL DISP_2_MUX_SEG
                             
                                     JNB SW1,$
                                     CJNE R4,#60,AGAIN
                                     SJMP MAIN
                             AGAIN2: JNB SW2,$
                                     
                             AGAIN3: 
                                     MOV R3,#255
                                     AGAIN4:
                                             ACALL DISP_2_MUX_SEG
                                             DJNZ R3,AGAIN4
                                     DJNZ R4,AGAIN3
                                     SJMP MAIN
                             END
A51 MACRO ASSEMBLER  MUXASS2                                                              11/17/2013 15:26:45 PAGE     3

SYMBOL TABLE LISTING
------ ----- -------


N A M E             T Y P E  V A L U E   ATTRIBUTES

B. . . . . . . . .  D ADDR   00F0H   A   
DELAY1MS . . . . .    ----   -----       
DISP_2_MUX_SEG . .  C ADDR   000AH   R   SEG=LUT_SEG
LUT_SEG. . . . . .  C SEG    0028H       REL=UNIT
P0 . . . . . . . .  D ADDR   0080H   A   
P2 . . . . . . . .  D ADDR   00A0H   A   
SEG_2_MUX. . . . .  D ADDR   0080H   A   
SEG_LUT. . . . . .  C ADDR   0000H   R   SEG=LUT_SEG
SEL1 . . . . . . .  B ADDR   00A0H.0 A   
SEL2 . . . . . . .  B ADDR   00A0H.1 A   


REGISTER BANK(S) USED: 0 


ASSEMBLY COMPLETE.  1 WARNING(S), 3 ERROR(S)
