A51 MACRO ASSEMBLER  SAMPLELED                                                            10/26/2013 10:50:26 PAGE     1


MACRO ASSEMBLER A51 V7.08a
OBJECT MODULE PLACED IN sampleled.OBJ
ASSEMBLER INVOKED BY: C:\Keil\C51\BIN\A51.EXE sampleled.asm SET(SMALL) DEBUG EP

LOC  OBJ            LINE     SOURCE

  0090                 1     OUTPORT EQU P1
  00A0                 2     INPORT EQU P2
----                   3     CSEG AT 0
0000                   4     MAIN:
0000 759000            5     MOV OUTPORT,#00H
0003 759055            6     MOV OUTPORT,#55H
0006 7590AA            7     MOV OUTPORT,#0AAH
0009 7590FF            8     MOV OUTPORT,#0FFH
000C E5A0              9     MOV A,INPORT
000E E5A0             10     MOV A,INPORT
0010 7401             11     MOV A,#01H
0012 B5A0FD           12     CJNE A,INPORT,$
                      13     END
                             
A51 MACRO ASSEMBLER  SAMPLELED                                                            10/26/2013 10:50:26 PAGE     2

SYMBOL TABLE LISTING
------ ----- -------


N A M E             T Y P E  V A L U E   ATTRIBUTES

INPORT . . . . . .  D ADDR   00A0H   A   
MAIN . . . . . . .  C ADDR   0000H   A   
OUTPORT. . . . . .  D ADDR   0090H   A   
P1 . . . . . . . .  D ADDR   0090H   A   
P2 . . . . . . . .  D ADDR   00A0H   A   


REGISTER BANK(S) USED: 0 


ASSEMBLY COMPLETE.  0 WARNING(S), 0 ERROR(S)
