A51 MACRO ASSEMBLER  SEG_2                                                                03/10/2002 09:43:29 PAGE     1


MACRO ASSEMBLER A51 V7.08a
OBJECT MODULE PLACED IN C:\ISP'S\SP_ISP\bin\Debug\SEG_2.obj
ASSEMBLER INVOKED BY: C:\Keil2\C51\BIN\A51.EXE SEG_2.ASM SET(SMALL) DEBUG OBJECT(C:\ISP'S\SP_ISP\bin\Debug\SEG_2.obj) EP

LOC  OBJ            LINE     SOURCE

                       1     
                       2     SEVSEG SEGMENT CODE
----                   3     RSEG SEVSEG
0000 40                4     SEG_LUT:DB 40H;0
0001 79                5             DB 79H;1
0002 24                6             DB 24H;2
0003 30                7             DB 30H;3
0004 19                8             DB 19H;4
0005 12                9             DB 12H;5
0006 02               10             DB 02H;6
0007 78               11             DB 78H;7
0008 00               12             DB 00H;8
0009 10               13             DB 10H;9
  0080                14     SEG1 EQU P0
  00A0                15     SEG2 EQU P2
000A                  16     DISP_2_SEGS:
000A EC               17     MOV A,R4;2-digit decimel
000B 75F00A           18     MOV B,#10
000E 84               19     DIV AB;DIVIDE BY 10,A=Q,B=R
000F 93               20     MOVC A,@A+DPTR
0010 F580             21     MOV SEG1,A
0012 E5F0             22     MOV A,B
0014 93               23     MOVC A,@A+DPTR
0015 F5A0             24     MOV SEG2,A
0017 22               25     RET
*** WARNING #A41 IN 25 (SEG_2.ASM, LINE 25): MISSING 'END' STATEMENT
A51 MACRO ASSEMBLER  SEG_2                                                                03/10/2002 09:43:29 PAGE     2

SYMBOL TABLE LISTING
------ ----- -------


N A M E             T Y P E  V A L U E   ATTRIBUTES

B. . . . . . . . .  D ADDR   00F0H   A   
DISP_2_SEGS. . . .  C ADDR   000AH   R   SEG=SEVSEG
P0 . . . . . . . .  D ADDR   0080H   A   
P2 . . . . . . . .  D ADDR   00A0H   A   
SEG1 . . . . . . .  D ADDR   0080H   A   
SEG2 . . . . . . .  D ADDR   00A0H   A   
SEG_LUT. . . . . .  C ADDR   0000H   R   SEG=SEVSEG
SEVSEG . . . . . .  C SEG    0018H       REL=UNIT


REGISTER BANK(S) USED: 0 


ASSEMBLY COMPLETE.  1 WARNING(S), 0 ERROR(S)
