C51 COMPILER V7.08   WLCMVECTOR                                                            11/17/2013 15:30:06 PAGE 1   


C51 COMPILER V7.08, COMPILATION OF MODULE WLCMVECTOR
OBJECT MODULE PLACED IN wlcmvector.OBJ
COMPILER INVOKED BY: C:\Keil2\C51\BIN\C51.EXE wlcmvector.c BROWSE DEBUG OBJECTEXTEND

line level    source

   1          #include"lcd.h"
   2          #include"delay.h"
   3          main()
   4          {
   5   1      int i;
   6   1      char str[20]="welcome vector";
   7   1      code unsigned char cgram_lut[]={0x0E,0x11,0x11,0x1F,0x11,0x11,0x0E,0x00};
   8   1      code unsigned char cgram_lut1[]={0x0E,0x14,0x18,0x10,0x18,0x14,0x0E,0x00};
   9   1      code unsigned char cgram_lut2[]={0x00,0x00,0x00,0x00,0x100,0x00,0x00,0x00};
  10   1      build_cgram(cgram_lut,8);
  11   1      init_lcd();
  12   1      //cmd_lcd(0x80);
  13   1      //disp_lcd(0);
  14   1      //str_lcd(str+i);
  15   1      delay_1ms(100);
  16   1      for(i=0;i<=14;i++)
  17   1      {
  18   2      cmd_lcd(0x01);
  19   2      cmd_lcd(0x80+i+1);
  20   2      str_lcd(str+i);
  21   2      build_cgram(cgram_lut,8);
  22   2      cmd_lcd(0x80+i);
  23   2      disp_lcd(0);
  24   2      delay_1ms(1000);
  25   2      build_cgram(cgram_lut1,8);
  26   2      cmd_lcd(0x80+i);
  27   2      disp_lcd(0);
  28   2      delay_1ms(1000);
  29   2      build_cgram(cgram_lut2,8);
  30   2      cmd_lcd(0x80);
  31   2      disp_lcd(0);
  32   2      delay_1ms(1000);
  33   2      
  34   2      }
  35   1      while(1);
  36   1      }
  37          


MODULE INFORMATION:   STATIC OVERLAYABLE
   CODE SIZE        =    191    ----
   CONSTANT SIZE    =     44    ----
   XDATA SIZE       =   ----    ----
   PDATA SIZE       =   ----    ----
   DATA SIZE        =   ----      22
   IDATA SIZE       =   ----    ----
   BIT SIZE         =   ----    ----
END OF MODULE INFORMATION.


C51 COMPILATION COMPLETE.  0 WARNING(S),  0 ERROR(S)
