C51 COMPILER V7.08   FUNCTIONS                                                             10/12/2010 02:35:20 PAGE 1   


C51 COMPILER V7.08, COMPILATION OF MODULE FUNCTIONS
OBJECT MODULE PLACED IN C:\ISP's\functions.obj
COMPILER INVOKED BY: C:\Keil2\C51\BIN\C51.EXE functions.c BROWSE DEBUG OBJECTEXTEND OBJECT(C:\ISP's\functions.obj)

line level    source

   1          #include<reg51.h>
   2          
   3          #include"uart.h"
   4          
   5          #include"ledtest.h"
   6          #include"lcdtest.h"
   7          #include"switchtest.h"
   8          #include"delay.h"
   9          #include"sevensegtest.h"
  10          #include"keypadtest.h"
  11          #include"uarttest.h"
  12          #include"i2ctest.h"
  13          #include"irtest.h"
  14          main()
  15          {
  16   1      
  17   1      while(1)
  18   1      {
  19   2      char ch;
  20   2       uart_init(); 
  21   2      print("             *****                         MENU                        ****                        
             -  \n\r");
  22   2      print("******************************     ENTER (A) TO CHECK LEDs     ************************************
             -**\n\r");
  23   2      print("******************************     ENTER (B) TO CHECK LCD      ************************************
             -**\n\r");
  24   2      print("******************************     ENTER (C) TO CHECK SWITCH   ************************************
             -**\n\r");
  25   2      print("******************************     ENTER (D) TO CHECK 7 SEG    ************************************
             -**\n\r");
  26   2      print("******************************     ENTER (F) TO CHECK KEYPAD   ************************************
             -**\n\r");
  27   2      print("******************************     ENTER (G) TO CHECK UART     ************************************
             -**\n\r");
  28   2      print("******************************     ENTER (H) TO CHECK I2C      ************************************
             -**\n\r");
  29   2      //print("******************************     ENTER (I) TO CHECK SPI      **********************************
             -****\n\r");
  30   2      print("******************************     ENTER (J) TO CHECK IR       ************************************
             -**\n\r");
  31   2      //print("******************************     ENTER (K) TO CHECK DC MOTOR **********************************
             -****\n\r");
  32   2      //print("******************************     ENTER (L) TO CHECK STPR MTR **********************************
             -****\n\r");
  33   2      //print("******************************     ENTER (M) TO CHECK SERVO MTR**********************************
             -****\n\r");
  34   2      print("******************************     ENTER (E) TO EXIT           ************************************
             -**\n\r");
  35   2      print("\n***********************   enter the correct choice in upper case   ******************************
             -**\n\r");
  36   2      
  37   2      ch=uart_rx();
  38   2      
  39   2      switch(ch)
  40   2      {
C51 COMPILER V7.08   FUNCTIONS                                                             10/12/2010 02:35:20 PAGE 2   

  41   3      
  42   3      case 'A'://TESTING LEDS
  43   3          led_test();
  44   3              break;
  45   3      
  46   3      case 'B':  lcd_test();
  47   3              break;
  48   3      
  49   3      case 'C':switch_test();
  50   3              break;
  51   3      
  52   3      case 'D':sevseg_test();
  53   3              break;
  54   3      
  55   3      case 'F':keypad_test();
  56   3              break;
  57   3      
  58   3      case 'G':uart_test();
  59   3              break;
  60   3      
  61   3      case 'H':i2c_test();
  62   3              break;
  63   3      
  64   3      case 'J':ir_test();
  65   3              break;  
  66   3      
  67   3      case 'I'://spi_test();
  68   3              break;
  69   3      
  70   3      case 'K'://dcmtr_test();
  71   3              break;
  72   3      case 'L'://stprmtr_test();
  73   3              break;
  74   3      case 'M'://servomtr_test();
  75   3              break;
  76   3      
  77   3      case 'E'://exit(0); NOT SUPPORTED IN C51 COMPILER
  78   3          return;     
  79   3      default: print("invalid choice---enter the correct option in upper case\n\r");
  80   3          break;
  81   3      
  82   3      
  83   3      
  84   3      }//end of switch
  85   2      }//end of while(1)
  86   1      }//end of main 
  87                   
  88          


MODULE INFORMATION:   STATIC OVERLAYABLE
   CODE SIZE        =    230    ----
   CONSTANT SIZE    =   1201    ----
   XDATA SIZE       =   ----    ----
   PDATA SIZE       =   ----    ----
   DATA SIZE        =   ----       1
   IDATA SIZE       =   ----    ----
   BIT SIZE         =   ----    ----
END OF MODULE INFORMATION.


C51 COMPILATION COMPLETE.  0 WARNING(S),  0 ERROR(S)
