C51 COMPILER V7.08   UARTTEST                                                              10/12/2010 02:35:25 PAGE 1   


C51 COMPILER V7.08, COMPILATION OF MODULE UARTTEST
OBJECT MODULE PLACED IN C:\ISP's\uarttest.obj
COMPILER INVOKED BY: C:\Keil2\C51\BIN\C51.EXE uarttest.c BROWSE DEBUG OBJECTEXTEND OBJECT(C:\ISP's\uarttest.obj)

line level    source

   1          #include<reg51.h>
   2          #include"uart.h"
   3          
   4          unsigned char ch;
   5          void uart_test()
   6          {
   7   1      
   8   1                         
   9   1                      l6:   print("testing uart...\n\r"); // print is uart_string fn
  10   1                              
  11   1                                              print("UART PERIPHERAL IS WORKING PROPERLY\n\r");
  12   1                                              print("Press y-YES (or) n-N0  (or)  e-Exit\n\r");
  13   1                                              print("\n\r");
  14   1                                              ch=uart_rx();
  15   1                                              if(ch=='y')
  16   1                                              {
  17   2                                                      print("Do you want to continue\n\r");
  18   2                                                      print("Press y-YES (or) n-N0  (or)  e-Exit\n\r");
  19   2                                                      ch=uart_rx();
  20   2                                                      if(ch=='y')
  21   2                                                              goto l6;
  22   2                                                      else if((ch=='n')|(ch=='e'))
  23   2                                                      {
  24   3                                                              P0=0x0f;
  25   3                                                              return;
  26   3                                                      }
  27   2                                                      else
  28   2                                                              print("plz press valid key to continue\n\r");
  29   2                                              }
  30   1                                              else if(ch=='n')
  31   1                                              {
  32   2                                                      print("Error Possibilities...\n\r");
  33   2                                              
  34   2                                                      print("\n\r");
  35   2                                                                                              
  36   2                                                      print("check the program logic\n\r");
  37   2                                      
  38   2                                                      print("check the hardware conection\n\r");
  39   2                                      
  40   2                                                                                      
  41   2                                              }
  42   1                                              else if(ch=='e')
  43   1                                                      return;
  44   1      }


MODULE INFORMATION:   STATIC OVERLAYABLE
   CODE SIZE        =    157    ----
   CONSTANT SIZE    =    239    ----
   XDATA SIZE       =   ----    ----
   PDATA SIZE       =   ----    ----
   DATA SIZE        =      1    ----
   IDATA SIZE       =   ----    ----
   BIT SIZE         =   ----    ----
END OF MODULE INFORMATION.

C51 COMPILER V7.08   UARTTEST                                                              10/12/2010 02:35:25 PAGE 2   


C51 COMPILATION COMPLETE.  0 WARNING(S),  0 ERROR(S)
