A51 MACRO ASSEMBLER  DELAYS                                                               11/16/2013 22:58:12 PAGE     1


MACRO ASSEMBLER A51 V7.08a
OBJECT MODULE PLACED IN delays.obj
ASSEMBLER INVOKED BY: C:\Keil\C51\BIN\A51.EXE New Folder\delays.asm SET(SMALL) DEBUG PRINT(.\delays.lst) OBJECT(delays.o
                      bj) EP

LOC  OBJ            LINE     SOURCE

                       1     DELAY_ROUTINES SEGMENT CODE
----                   2     RSEG DELAY_ROUTINES
                       3     
                       4     ;PUBLIC DELAY1MS
                       5     
0000                   6     DELAY1MS:
0000 7FFF              7     MOV R7,#255
0002 DFFE              8     DJNZ R7,$
0004 7FF2              9     MOV R7,#242
0006 DFFE             10     DJNZ R7,$
0008 22               11     RET
                      12     
0009                  13     DELAY100MS:
0009 7E63             14     MOV R6,#99
000B                  15     L1:
000B 1100     F       16     ACALL DELAY1MS
000D DEFC             17     DJNZ R6,L1
                      18     
000F 7EFF             19     MOV R6,#255
0011 DEFE             20     DJNZ R6,$
                      21     
0013 7E8E             22     MOV R6,#142
0015 DEFE             23     DJNZ R6,$
0017 00               24     NOP
0018 22               25     RET
                      26     
0019                  27     DELAY1S:
0019 7D09             28     MOV R5,#9
001B                  29     L2:
001B 1100     F       30     ACALL DELAY100MS
001D DDFC             31     DJNZ R5,L2
                      32     
001F 7D63             33     MOV R5,#99
0021                  34     L3:
0021 1100     F       35     ACALL DELAY1MS
0023 DDFC             36     DJNZ R5,L3
                      37     
0025 7DFF             38     MOV R5,#255
0027 DDFE             39     DJNZ R5,$
                      40     
0029 7D85             41     MOV R5,#133
002B DDFE             42     DJNZ R5,$
002D 22               43     RET
*** WARNING #A41 IN 43 (New Folder\delays.asm, LINE 43): MISSING 'END' STATEMENT
A51 MACRO ASSEMBLER  DELAYS                                                               11/16/2013 22:58:12 PAGE     2

SYMBOL TABLE LISTING
------ ----- -------


N A M E             T Y P E  V A L U E   ATTRIBUTES

DELAY100MS . . . .  C ADDR   0009H   R   SEG=DELAY_ROUTINES
DELAY1MS . . . . .  C ADDR   0000H   R   SEG=DELAY_ROUTINES
DELAY1S. . . . . .  C ADDR   0019H   R   SEG=DELAY_ROUTINES
DELAY_ROUTINES . .  C SEG    002EH       REL=UNIT
L1 . . . . . . . .  C ADDR   000BH   R   SEG=DELAY_ROUTINES
L2 . . . . . . . .  C ADDR   001BH   R   SEG=DELAY_ROUTINES
L3 . . . . . . . .  C ADDR   0021H   R   SEG=DELAY_ROUTINES


REGISTER BANK(S) USED: 0 


ASSEMBLY COMPLETE.  1 WARNING(S), 0 ERROR(S)
